src/db/prisma.ts(8,30): error TS2345: Argument of type 'Pool' is not assignable to parameter of type 'Pool | PoolConfig'.
  Type 'import("C:/Users/asus/Desktop/projet/Bey-Fragrance-main/backend/node_modules/@types/pg/index").Pool' is not assignable to type 'import("C:/Users/asus/Desktop/projet/Bey-Fragrance-main/backend/node_modules/@prisma/adapter-pg/node_modules/@types/pg/index").Pool'.
    The types of 'options.Client' are incompatible between these types.
      Type '(new () => import("C:/Users/asus/Desktop/projet/Bey-Fragrance-main/backend/node_modules/@types/pg/index").ClientBase) | undefined' is not assignable to type '(new () => import("C:/Users/asus/Desktop/projet/Bey-Fragrance-main/backend/node_modules/@prisma/adapter-pg/node_modules/@types/pg/index").ClientBase) | undefined'.
        Type 'new () => import("C:/Users/asus/Desktop/projet/Bey-Fragrance-main/backend/node_modules/@types/pg/index").ClientBase' is not assignable to type 'new () => import("C:/Users/asus/Desktop/projet/Bey-Fragrance-main/backend/node_modules/@prisma/adapter-pg/node_modules/@types/pg/index").ClientBase'.
          Construct signature return types 'ClientBase' and 'ClientBase' are incompatible.
            The types returned by 'connect()' are incompatible between these types.
              Type 'Promise<ClientBase>' is not assignable to type 'Promise<void>'.
                Type 'ClientBase' is not assignable to type 'void'.
src/routes/auth.ts(123,24): error TS18046: 'payload' is of type 'unknown'.
src/routes/auth.ts(124,37): error TS18046: 'payload' is of type 'unknown'.
src/routes/auth.ts(131,11): error TS18046: 'payload' is of type 'unknown'.
src/routes/auth.ts(132,14): error TS18046: 'payload' is of type 'unknown'.
src/routes/orders.ts(99,18): error TS18046: 'payload' is of type 'unknown'.
